11:24:20 **** Build of configuration Debug for project blinky-STM32F4_NUCLEO ****
make all 
Building file: ../system/src/stm32f4xx/stm32f4xx_hal.c
Invoking: GNU ARM Cross C Compiler
arm-none-eabi-gcc -mcpu=cortex-m4 -mthumb -Og -fmessage-length=0 -fsigned-char -ffunction-sections -fdata-sections -ffreestanding -fno-move-loop-invariants -Wall -Wextra  -g3 -DDEBUG -DSTM32F446xx -DTRACE -DOS_USE_TRACE_SEMIHOSTING_DEBUG -I"../include" -I"../system/include" -I"../system/include/cmsis" -I"../system/include/stm32f4xx" -std=gnu11 -MMD -MP -MF"system/src/stm32f4xx/stm32f4xx_hal.d" -MT"system/src/stm32f4xx/stm32f4xx_hal.o" -c -o "system/src/stm32f4xx/stm32f4xx_hal.o" "../system/src/stm32f4xx/stm32f4xx_hal.c"
Finished building: ../system/src/stm32f4xx/stm32f4xx_hal.c
 
Building file: ../system/src/stm32f4xx/stm32f4xx_hal_cortex.c
Invoking: GNU ARM Cross C Compiler
arm-none-eabi-gcc -mcpu=cortex-m4 -mthumb -Og -fmessage-length=0 -fsigned-char -ffunction-sections -fdata-sections -ffreestanding -fno-move-loop-invariants -Wall -Wextra  -g3 -DDEBUG -DSTM32F446xx -DTRACE -DOS_USE_TRACE_SEMIHOSTING_DEBUG -I"../include" -I"../system/include" -I"../system/include/cmsis" -I"../system/include/stm32f4xx" -std=gnu11 -MMD -MP -MF"system/src/stm32f4xx/stm32f4xx_hal_cortex.d" -MT"system/src/stm32f4xx/stm32f4xx_hal_cortex.o" -c -o "system/src/stm32f4xx/stm32f4xx_hal_cortex.o" "../system/src/stm32f4xx/stm32f4xx_hal_cortex.c"
Finished building: ../system/src/stm32f4xx/stm32f4xx_hal_cortex.c
 
Building file: ../system/src/stm32f4xx/stm32f4xx_hal_dma.c
Invoking: GNU ARM Cross C Compiler
arm-none-eabi-gcc -mcpu=cortex-m4 -mthumb -Og -fmessage-length=0 -fsigned-char -ffunction-sections -fdata-sections -ffreestanding -fno-move-loop-invariants -Wall -Wextra  -g3 -DDEBUG -DSTM32F446xx -DTRACE -DOS_USE_TRACE_SEMIHOSTING_DEBUG -I"../include" -I"../system/include" -I"../system/include/cmsis" -I"../system/include/stm32f4xx" -std=gnu11 -MMD -MP -MF"system/src/stm32f4xx/stm32f4xx_hal_dma.d" -MT"system/src/stm32f4xx/stm32f4xx_hal_dma.o" -c -o "system/src/stm32f4xx/stm32f4xx_hal_dma.o" "../system/src/stm32f4xx/stm32f4xx_hal_dma.c"
Finished building: ../system/src/stm32f4xx/stm32f4xx_hal_dma.c
 
Building file: ../system/src/stm32f4xx/stm32f4xx_hal_dma_ex.c
Invoking: GNU ARM Cross C Compiler
arm-none-eabi-gcc -mcpu=cortex-m4 -mthumb -Og -fmessage-length=0 -fsigned-char -ffunction-sections -fdata-sections -ffreestanding -fno-move-loop-invariants -Wall -Wextra  -g3 -DDEBUG -DSTM32F446xx -DTRACE -DOS_USE_TRACE_SEMIHOSTING_DEBUG -I"../include" -I"../system/include" -I"../system/include/cmsis" -I"../system/include/stm32f4xx" -std=gnu11 -MMD -MP -MF"system/src/stm32f4xx/stm32f4xx_hal_dma_ex.d" -MT"system/src/stm32f4xx/stm32f4xx_hal_dma_ex.o" -c -o "system/src/stm32f4xx/stm32f4xx_hal_dma_ex.o" "../system/src/stm32f4xx/stm32f4xx_hal_dma_ex.c"
Finished building: ../system/src/stm32f4xx/stm32f4xx_hal_dma_ex.c
 
Building file: ../system/src/stm32f4xx/stm32f4xx_hal_flash.c
Invoking: GNU ARM Cross C Compiler
arm-none-eabi-gcc -mcpu=cortex-m4 -mthumb -Og -fmessage-length=0 -fsigned-char -ffunction-sections -fdata-sections -ffreestanding -fno-move-loop-invariants -Wall -Wextra  -g3 -DDEBUG -DSTM32F446xx -DTRACE -DOS_USE_TRACE_SEMIHOSTING_DEBUG -I"../include" -I"../system/include" -I"../system/include/cmsis" -I"../system/include/stm32f4xx" -std=gnu11 -MMD -MP -MF"system/src/stm32f4xx/stm32f4xx_hal_flash.d" -MT"system/src/stm32f4xx/stm32f4xx_hal_flash.o" -c -o "system/src/stm32f4xx/stm32f4xx_hal_flash.o" "../system/src/stm32f4xx/stm32f4xx_hal_flash.c"
Finished building: ../system/src/stm32f4xx/stm32f4xx_hal_flash.c
 
Building file: ../system/src/stm32f4xx/stm32f4xx_hal_flash_ex.c
Invoking: GNU ARM Cross C Compiler
arm-none-eabi-gcc -mcpu=cortex-m4 -mthumb -Og -fmessage-length=0 -fsigned-char -ffunction-sections -fdata-sections -ffreestanding -fno-move-loop-invariants -Wall -Wextra  -g3 -DDEBUG -DSTM32F446xx -DTRACE -DOS_USE_TRACE_SEMIHOSTING_DEBUG -I"../include" -I"../system/include" -I"../system/include/cmsis" -I"../system/include/stm32f4xx" -std=gnu11 -MMD -MP -MF"system/src/stm32f4xx/stm32f4xx_hal_flash_ex.d" -MT"system/src/stm32f4xx/stm32f4xx_hal_flash_ex.o" -c -o "system/src/stm32f4xx/stm32f4xx_hal_flash_ex.o" "../system/src/stm32f4xx/stm32f4xx_hal_flash_ex.c"
../system/src/stm32f4xx/stm32f4xx_hal_flash_ex.c: In function 'FLASH_MassErase':
../system/src/stm32f4xx/stm32f4xx_hal_flash_ex.c:969:60: warning: unused parameter 'Banks' [-Wunused-parameter]
 static void FLASH_MassErase(uint8_t VoltageRange, uint32_t Banks)
                                                            ^
../system/src/stm32f4xx/stm32f4xx_hal_flash_ex.c: In function 'FLASH_OB_EnableWRP':
../system/src/stm32f4xx/stm32f4xx_hal_flash_ex.c:1048:74: warning: unused parameter 'Banks' [-Wunused-parameter]
 static HAL_StatusTypeDef FLASH_OB_EnableWRP(uint32_t WRPSector, uint32_t Banks)
                                                                          ^
../system/src/stm32f4xx/stm32f4xx_hal_flash_ex.c: In function 'FLASH_OB_DisableWRP':
../system/src/stm32f4xx/stm32f4xx_hal_flash_ex.c:1084:75: warning: unused parameter 'Banks' [-Wunused-parameter]
 static HAL_StatusTypeDef FLASH_OB_DisableWRP(uint32_t WRPSector, uint32_t Banks)
                                                                           ^
Finished building: ../system/src/stm32f4xx/stm32f4xx_hal_flash_ex.c
 
Building file: ../system/src/stm32f4xx/stm32f4xx_hal_flash_ramfunc.c
Invoking: GNU ARM Cross C Compiler
arm-none-eabi-gcc -mcpu=cortex-m4 -mthumb -Og -fmessage-length=0 -fsigned-char -ffunction-sections -fdata-sections -ffreestanding -fno-move-loop-invariants -Wall -Wextra  -g3 -DDEBUG -DSTM32F446xx -DTRACE -DOS_USE_TRACE_SEMIHOSTING_DEBUG -I"../include" -I"../system/include" -I"../system/include/cmsis" -I"../system/include/stm32f4xx" -std=gnu11 -MMD -MP -MF"system/src/stm32f4xx/stm32f4xx_hal_flash_ramfunc.d" -MT"system/src/stm32f4xx/stm32f4xx_hal_flash_ramfunc.o" -c -o "system/src/stm32f4xx/stm32f4xx_hal_flash_ramfunc.o" "../system/src/stm32f4xx/stm32f4xx_hal_flash_ramfunc.c"
Finished building: ../system/src/stm32f4xx/stm32f4xx_hal_flash_ramfunc.c
 
Building file: ../system/src/stm32f4xx/stm32f4xx_hal_gpio.c
Invoking: GNU ARM Cross C Compiler
arm-none-eabi-gcc -mcpu=cortex-m4 -mthumb -Og -fmessage-length=0 -fsigned-char -ffunction-sections -fdata-sections -ffreestanding -fno-move-loop-invariants -Wall -Wextra  -g3 -DDEBUG -DSTM32F446xx -DTRACE -DOS_USE_TRACE_SEMIHOSTING_DEBUG -I"../include" -I"../system/include" -I"../system/include/cmsis" -I"../system/include/stm32f4xx" -std=gnu11 -MMD -MP -MF"system/src/stm32f4xx/stm32f4xx_hal_gpio.d" -MT"system/src/stm32f4xx/stm32f4xx_hal_gpio.o" -c -o "system/src/stm32f4xx/stm32f4xx_hal_gpio.o" "../system/src/stm32f4xx/stm32f4xx_hal_gpio.c"
Finished building: ../system/src/stm32f4xx/stm32f4xx_hal_gpio.c
 
Building file: ../system/src/stm32f4xx/stm32f4xx_hal_pwr.c
Invoking: GNU ARM Cross C Compiler
arm-none-eabi-gcc -mcpu=cortex-m4 -mthumb -Og -fmessage-length=0 -fsigned-char -ffunction-sections -fdata-sections -ffreestanding -fno-move-loop-invariants -Wall -Wextra  -g3 -DDEBUG -DSTM32F446xx -DTRACE -DOS_USE_TRACE_SEMIHOSTING_DEBUG -I"../include" -I"../system/include" -I"../system/include/cmsis" -I"../system/include/stm32f4xx" -std=gnu11 -MMD -MP -MF"system/src/stm32f4xx/stm32f4xx_hal_pwr.d" -MT"system/src/stm32f4xx/stm32f4xx_hal_pwr.o" -c -o "system/src/stm32f4xx/stm32f4xx_hal_pwr.o" "../system/src/stm32f4xx/stm32f4xx_hal_pwr.c"
../system/src/stm32f4xx/stm32f4xx_hal_pwr.c: In function 'HAL_PWR_EnterSLEEPMode':
../system/src/stm32f4xx/stm32f4xx_hal_pwr.c:381:38: warning: unused parameter 'Regulator' [-Wunused-parameter]
 void HAL_PWR_EnterSLEEPMode(uint32_t Regulator, uint8_t SLEEPEntry)
                                      ^
Finished building: ../system/src/stm32f4xx/stm32f4xx_hal_pwr.c
 
Building file: ../system/src/stm32f4xx/stm32f4xx_hal_pwr_ex.c
Invoking: GNU ARM Cross C Compiler
arm-none-eabi-gcc -mcpu=cortex-m4 -mthumb -Og -fmessage-length=0 -fsigned-char -ffunction-sections -fdata-sections -ffreestanding -fno-move-loop-invariants -Wall -Wextra  -g3 -DDEBUG -DSTM32F446xx -DTRACE -DOS_USE_TRACE_SEMIHOSTING_DEBUG -I"../include" -I"../system/include" -I"../system/include/cmsis" -I"../system/include/stm32f4xx" -std=gnu11 -MMD -MP -MF"system/src/stm32f4xx/stm32f4xx_hal_pwr_ex.d" -MT"system/src/stm32f4xx/stm32f4xx_hal_pwr_ex.o" -c -o "system/src/stm32f4xx/stm32f4xx_hal_pwr_ex.o" "../system/src/stm32f4xx/stm32f4xx_hal_pwr_ex.c"
Finished building: ../system/src/stm32f4xx/stm32f4xx_hal_pwr_ex.c
 
Building file: ../system/src/stm32f4xx/stm32f4xx_hal_rcc.c
Invoking: GNU ARM Cross C Compiler
arm-none-eabi-gcc -mcpu=cortex-m4 -mthumb -Og -fmessage-length=0 -fsigned-char -ffunction-sections -fdata-sections -ffreestanding -fno-move-loop-invariants -Wall -Wextra  -g3 -DDEBUG -DSTM32F446xx -DTRACE -DOS_USE_TRACE_SEMIHOSTING_DEBUG -I"../include" -I"../system/include" -I"../system/include/cmsis" -I"../system/include/stm32f4xx" -std=gnu11 -MMD -MP -MF"system/src/stm32f4xx/stm32f4xx_hal_rcc.d" -MT"system/src/stm32f4xx/stm32f4xx_hal_rcc.o" -c -o "system/src/stm32f4xx/stm32f4xx_hal_rcc.o" "../system/src/stm32f4xx/stm32f4xx_hal_rcc.c"
Finished building: ../system/src/stm32f4xx/stm32f4xx_hal_rcc.c
 
Building file: ../system/src/stm32f4xx/stm32f4xx_hal_rcc_ex.c
Invoking: GNU ARM Cross C Compiler
arm-none-eabi-gcc -mcpu=cortex-m4 -mthumb -Og -fmessage-length=0 -fsigned-char -ffunction-sections -fdata-sections -ffreestanding -fno-move-loop-invariants -Wall -Wextra  -g3 -DDEBUG -DSTM32F446xx -DTRACE -DOS_USE_TRACE_SEMIHOSTING_DEBUG -I"../include" -I"../system/include" -I"../system/include/cmsis" -I"../system/include/stm32f4xx" -std=gnu11 -MMD -MP -MF"system/src/stm32f4xx/stm32f4xx_hal_rcc_ex.d" -MT"system/src/stm32f4xx/stm32f4xx_hal_rcc_ex.o" -c -o "system/src/stm32f4xx/stm32f4xx_hal_rcc_ex.o" "../system/src/stm32f4xx/stm32f4xx_hal_rcc_ex.c"
Finished building: ../system/src/stm32f4xx/stm32f4xx_hal_rcc_ex.c
 
Building file: ../system/src/stm32f4xx/stm32f4xx_hal_tim.c
Invoking: GNU ARM Cross C Compiler
arm-none-eabi-gcc -mcpu=cortex-m4 -mthumb -Og -fmessage-length=0 -fsigned-char -ffunction-sections -fdata-sections -ffreestanding -fno-move-loop-invariants -Wall -Wextra  -g3 -DDEBUG -DSTM32F446xx -DTRACE -DOS_USE_TRACE_SEMIHOSTING_DEBUG -I"../include" -I"../system/include" -I"../system/include/cmsis" -I"../system/include/stm32f4xx" -std=gnu11 -MMD -MP -MF"system/src/stm32f4xx/stm32f4xx_hal_tim.d" -MT"system/src/stm32f4xx/stm32f4xx_hal_tim.o" -c -o "system/src/stm32f4xx/stm32f4xx_hal_tim.o" "../system/src/stm32f4xx/stm32f4xx_hal_tim.c"
Finished building: ../system/src/stm32f4xx/stm32f4xx_hal_tim.c
 
Building file: ../system/src/stm32f4xx/stm32f4xx_hal_tim_ex.c
Invoking: GNU ARM Cross C Compiler
arm-none-eabi-gcc -mcpu=cortex-m4 -mthumb -Og -fmessage-length=0 -fsigned-char -ffunction-sections -fdata-sections -ffreestanding -fno-move-loop-invariants -Wall -Wextra  -g3 -DDEBUG -DSTM32F446xx -DTRACE -DOS_USE_TRACE_SEMIHOSTING_DEBUG -I"../include" -I"../system/include" -I"../system/include/cmsis" -I"../system/include/stm32f4xx" -std=gnu11 -MMD -MP -MF"system/src/stm32f4xx/stm32f4xx_hal_tim_ex.d" -MT"system/src/stm32f4xx/stm32f4xx_hal_tim_ex.o" -c -o "system/src/stm32f4xx/stm32f4xx_hal_tim_ex.o" "../system/src/stm32f4xx/stm32f4xx_hal_tim_ex.c"
Finished building: ../system/src/stm32f4xx/stm32f4xx_hal_tim_ex.c
 
Building file: ../system/src/newlib/_cxx.cpp
Invoking: GNU ARM Cross C++ Compiler
arm-none-eabi-g++ -mcpu=cortex-m4 -mthumb -Og -fmessage-length=0 -fsigned-char -ffunction-sections -fdata-sections -ffreestanding -fno-move-loop-invariants -Wall -Wextra  -g3 -DDEBUG -DTRACE -DOS_USE_TRACE_SEMIHOSTING_DEBUG -I"../include" -I"../system/include" -I"../system/include/cmsis" -I"../system/include/stm32f4xx" -std=gnu++11 -fabi-version=0 -MMD -MP -MF"system/src/newlib/_cxx.d" -MT"system/src/newlib/_cxx.o" -c -o "system/src/newlib/_cxx.o" "../system/src/newlib/_cxx.cpp"
Finished building: ../system/src/newlib/_cxx.cpp
 
Building file: ../system/src/newlib/_exit.c
Invoking: GNU ARM Cross C Compiler
arm-none-eabi-gcc -mcpu=cortex-m4 -mthumb -Og -fmessage-length=0 -fsigned-char -ffunction-sections -fdata-sections -ffreestanding -fno-move-loop-invariants -Wall -Wextra  -g3 -DDEBUG -DSTM32F446xx -DTRACE -DOS_USE_TRACE_SEMIHOSTING_DEBUG -I"../include" -I"../system/include" -I"../system/include/cmsis" -I"../system/include/stm32f4xx" -std=gnu11 -MMD -MP -MF"system/src/newlib/_exit.d" -MT"system/src/newlib/_exit.o" -c -o "system/src/newlib/_exit.o" "../system/src/newlib/_exit.c"
Finished building: ../system/src/newlib/_exit.c
 
Building file: ../system/src/newlib/_sbrk.c
Invoking: GNU ARM Cross C Compiler
arm-none-eabi-gcc -mcpu=cortex-m4 -mthumb -Og -fmessage-length=0 -fsigned-char -ffunction-sections -fdata-sections -ffreestanding -fno-move-loop-invariants -Wall -Wextra  -g3 -DDEBUG -DSTM32F446xx -DTRACE -DOS_USE_TRACE_SEMIHOSTING_DEBUG -I"../include" -I"../system/include" -I"../system/include/cmsis" -I"../system/include/stm32f4xx" -std=gnu11 -MMD -MP -MF"system/src/newlib/_sbrk.d" -MT"system/src/newlib/_sbrk.o" -c -o "system/src/newlib/_sbrk.o" "../system/src/newlib/_sbrk.c"
Finished building: ../system/src/newlib/_sbrk.c
 
Building file: ../system/src/newlib/_startup.c
Invoking: GNU ARM Cross C Compiler
arm-none-eabi-gcc -mcpu=cortex-m4 -mthumb -Og -fmessage-length=0 -fsigned-char -ffunction-sections -fdata-sections -ffreestanding -fno-move-loop-invariants -Wall -Wextra  -g3 -DDEBUG -DSTM32F446xx -DTRACE -DOS_USE_TRACE_SEMIHOSTING_DEBUG -I"../include" -I"../system/include" -I"../system/include/cmsis" -I"../system/include/stm32f4xx" -std=gnu11 -MMD -MP -MF"system/src/newlib/_startup.d" -MT"system/src/newlib/_startup.o" -c -o "system/src/newlib/_startup.o" "../system/src/newlib/_startup.c"
Finished building: ../system/src/newlib/_startup.c
 
Building file: ../system/src/newlib/_syscalls.c
Invoking: GNU ARM Cross C Compiler
arm-none-eabi-gcc -mcpu=cortex-m4 -mthumb -Og -fmessage-length=0 -fsigned-char -ffunction-sections -fdata-sections -ffreestanding -fno-move-loop-invariants -Wall -Wextra  -g3 -DDEBUG -DSTM32F446xx -DTRACE -DOS_USE_TRACE_SEMIHOSTING_DEBUG -I"../include" -I"../system/include" -I"../system/include/cmsis" -I"../system/include/stm32f4xx" -std=gnu11 -MMD -MP -MF"system/src/newlib/_syscalls.d" -MT"system/src/newlib/_syscalls.o" -c -o "system/src/newlib/_syscalls.o" "../system/src/newlib/_syscalls.c"
Finished building: ../system/src/newlib/_syscalls.c
 
Building file: ../system/src/newlib/assert.c
Invoking: GNU ARM Cross C Compiler
arm-none-eabi-gcc -mcpu=cortex-m4 -mthumb -Og -fmessage-length=0 -fsigned-char -ffunction-sections -fdata-sections -ffreestanding -fno-move-loop-invariants -Wall -Wextra  -g3 -DDEBUG -DSTM32F446xx -DTRACE -DOS_USE_TRACE_SEMIHOSTING_DEBUG -I"../include" -I"../system/include" -I"../system/include/cmsis" -I"../system/include/stm32f4xx" -std=gnu11 -MMD -MP -MF"system/src/newlib/assert.d" -MT"system/src/newlib/assert.o" -c -o "system/src/newlib/assert.o" "../system/src/newlib/assert.c"
Finished building: ../system/src/newlib/assert.c
 
Building file: ../system/src/diag/Trace.c
Invoking: GNU ARM Cross C Compiler
arm-none-eabi-gcc -mcpu=cortex-m4 -mthumb -Og -fmessage-length=0 -fsigned-char -ffunction-sections -fdata-sections -ffreestanding -fno-move-loop-invariants -Wall -Wextra  -g3 -DDEBUG -DSTM32F446xx -DTRACE -DOS_USE_TRACE_SEMIHOSTING_DEBUG -I"../include" -I"../system/include" -I"../system/include/cmsis" -I"../system/include/stm32f4xx" -std=gnu11 -MMD -MP -MF"system/src/diag/Trace.d" -MT"system/src/diag/Trace.o" -c -o "system/src/diag/Trace.o" "../system/src/diag/Trace.c"
Finished building: ../system/src/diag/Trace.c
 
Building file: ../system/src/diag/trace_impl.c
Invoking: GNU ARM Cross C Compiler
arm-none-eabi-gcc -mcpu=cortex-m4 -mthumb -Og -fmessage-length=0 -fsigned-char -ffunction-sections -fdata-sections -ffreestanding -fno-move-loop-invariants -Wall -Wextra  -g3 -DDEBUG -DSTM32F446xx -DTRACE -DOS_USE_TRACE_SEMIHOSTING_DEBUG -I"../include" -I"../system/include" -I"../system/include/cmsis" -I"../system/include/stm32f4xx" -std=gnu11 -MMD -MP -MF"system/src/diag/trace_impl.d" -MT"system/src/diag/trace_impl.o" -c -o "system/src/diag/trace_impl.o" "../system/src/diag/trace_impl.c"
Finished building: ../system/src/diag/trace_impl.c
 
Building file: ../system/src/cortexm/_initialize_hardware.c
Invoking: GNU ARM Cross C Compiler
arm-none-eabi-gcc -mcpu=cortex-m4 -mthumb -Og -fmessage-length=0 -fsigned-char -ffunction-sections -fdata-sections -ffreestanding -fno-move-loop-invariants -Wall -Wextra  -g3 -DDEBUG -DSTM32F446xx -DTRACE -DOS_USE_TRACE_SEMIHOSTING_DEBUG -I"../include" -I"../system/include" -I"../system/include/cmsis" -I"../system/include/stm32f4xx" -std=gnu11 -MMD -MP -MF"system/src/cortexm/_initialize_hardware.d" -MT"system/src/cortexm/_initialize_hardware.o" -c -o "system/src/cortexm/_initialize_hardware.o" "../system/src/cortexm/_initialize_hardware.c"
Finished building: ../system/src/cortexm/_initialize_hardware.c
 
Building file: ../system/src/cortexm/_reset_hardware.c
Invoking: GNU ARM Cross C Compiler
arm-none-eabi-gcc -mcpu=cortex-m4 -mthumb -Og -fmessage-length=0 -fsigned-char -ffunction-sections -fdata-sections -ffreestanding -fno-move-loop-invariants -Wall -Wextra  -g3 -DDEBUG -DSTM32F446xx -DTRACE -DOS_USE_TRACE_SEMIHOSTING_DEBUG -I"../include" -I"../system/include" -I"../system/include/cmsis" -I"../system/include/stm32f4xx" -std=gnu11 -MMD -MP -MF"system/src/cortexm/_reset_hardware.d" -MT"system/src/cortexm/_reset_hardware.o" -c -o "system/src/cortexm/_reset_hardware.o" "../system/src/cortexm/_reset_hardware.c"
Finished building: ../system/src/cortexm/_reset_hardware.c
 
Building file: ../system/src/cortexm/exception_handlers.c
Invoking: GNU ARM Cross C Compiler
arm-none-eabi-gcc -mcpu=cortex-m4 -mthumb -Og -fmessage-length=0 -fsigned-char -ffunction-sections -fdata-sections -ffreestanding -fno-move-loop-invariants -Wall -Wextra  -g3 -DDEBUG -DSTM32F446xx -DTRACE -DOS_USE_TRACE_SEMIHOSTING_DEBUG -I"../include" -I"../system/include" -I"../system/include/cmsis" -I"../system/include/stm32f4xx" -std=gnu11 -MMD -MP -MF"system/src/cortexm/exception_handlers.d" -MT"system/src/cortexm/exception_handlers.o" -c -o "system/src/cortexm/exception_handlers.o" "../system/src/cortexm/exception_handlers.c"
Finished building: ../system/src/cortexm/exception_handlers.c
 
Building file: ../system/src/cmsis/startup_stm32f446xx.S
Invoking: GNU ARM Cross Assembler
arm-none-eabi-gcc -mcpu=cortex-m4 -mthumb -Og -fmessage-length=0 -fsigned-char -ffunction-sections -fdata-sections -ffreestanding -fno-move-loop-invariants -Wall -Wextra  -g3 -x assembler-with-cpp -DDEBUG -DTRACE -DOS_USE_TRACE_SEMIHOSTING_DEBUG -I"../include" -I"../system/include" -I"../system/include/cmsis" -I"../system/include/stm32f4xx" -MMD -MP -MF"system/src/cmsis/startup_stm32f446xx.d" -MT"system/src/cmsis/startup_stm32f446xx.o" -c -o "system/src/cmsis/startup_stm32f446xx.o" "../system/src/cmsis/startup_stm32f446xx.S"
Finished building: ../system/src/cmsis/startup_stm32f446xx.S
 
Building file: ../system/src/cmsis/system_stm32f4xx.c
Invoking: GNU ARM Cross C Compiler
arm-none-eabi-gcc -mcpu=cortex-m4 -mthumb -Og -fmessage-length=0 -fsigned-char -ffunction-sections -fdata-sections -ffreestanding -fno-move-loop-invariants -Wall -Wextra  -g3 -DDEBUG -DSTM32F446xx -DTRACE -DOS_USE_TRACE_SEMIHOSTING_DEBUG -I"../include" -I"../system/include" -I"../system/include/cmsis" -I"../system/include/stm32f4xx" -std=gnu11 -MMD -MP -MF"system/src/cmsis/system_stm32f4xx.d" -MT"system/src/cmsis/system_stm32f4xx.o" -c -o "system/src/cmsis/system_stm32f4xx.o" "../system/src/cmsis/system_stm32f4xx.c"
Finished building: ../system/src/cmsis/system_stm32f4xx.c
 
Building file: ../src/Timer.c
Invoking: GNU ARM Cross C Compiler
arm-none-eabi-gcc -mcpu=cortex-m4 -mthumb -Og -fmessage-length=0 -fsigned-char -ffunction-sections -fdata-sections -ffreestanding -fno-move-loop-invariants -Wall -Wextra  -g3 -DDEBUG -DSTM32F446xx -DTRACE -DOS_USE_TRACE_SEMIHOSTING_DEBUG -I"../include" -I"../system/include" -I"../system/include/cmsis" -I"../system/include/stm32f4xx" -std=gnu11 -MMD -MP -MF"src/Timer.d" -MT"src/Timer.o" -c -o "src/Timer.o" "../src/Timer.c"
Finished building: ../src/Timer.c
 
Building file: ../src/_write.c
Invoking: GNU ARM Cross C Compiler
arm-none-eabi-gcc -mcpu=cortex-m4 -mthumb -Og -fmessage-length=0 -fsigned-char -ffunction-sections -fdata-sections -ffreestanding -fno-move-loop-invariants -Wall -Wextra  -g3 -DDEBUG -DSTM32F446xx -DTRACE -DOS_USE_TRACE_SEMIHOSTING_DEBUG -I"../include" -I"../system/include" -I"../system/include/cmsis" -I"../system/include/stm32f4xx" -std=gnu11 -MMD -MP -MF"src/_write.d" -MT"src/_write.o" -c -o "src/_write.o" "../src/_write.c"
Finished building: ../src/_write.c
 
Building file: ../src/main.c
Invoking: GNU ARM Cross C Compiler
arm-none-eabi-gcc -mcpu=cortex-m4 -mthumb -Og -fmessage-length=0 -fsigned-char -ffunction-sections -fdata-sections -ffreestanding -fno-move-loop-invariants -Wall -Wextra  -g3 -DDEBUG -DSTM32F446xx -DTRACE -DOS_USE_TRACE_SEMIHOSTING_DEBUG -I"../include" -I"../system/include" -I"../system/include/cmsis" -I"../system/include/stm32f4xx" -std=gnu11 -MMD -MP -MF"src/main.d" -MT"src/main.o" -c -o "src/main.o" "../src/main.c"
Finished building: ../src/main.c
 
Building target: blinky-STM32F4_NUCLEO.elf
Invoking: GNU ARM Cross C++ Linker
arm-none-eabi-g++ -mcpu=cortex-m4 -mthumb -Og -fmessage-length=0 -fsigned-char -ffunction-sections -fdata-sections -ffreestanding -fno-move-loop-invariants -Wall -Wextra  -g3 -T mem.ld -T libs.ld -T sections.ld -nostartfiles -Xlinker --gc-sections -L"../ldscripts" -Wl,-Map,"blinky-STM32F4_NUCLEO.map" --specs=nano.specs -o "blinky-STM32F4_NUCLEO.elf"  ./system/src/stm32f4xx/stm32f4xx_hal.o ./system/src/stm32f4xx/stm32f4xx_hal_cortex.o ./system/src/stm32f4xx/stm32f4xx_hal_dma.o ./system/src/stm32f4xx/stm32f4xx_hal_dma_ex.o ./system/src/stm32f4xx/stm32f4xx_hal_flash.o ./system/src/stm32f4xx/stm32f4xx_hal_flash_ex.o ./system/src/stm32f4xx/stm32f4xx_hal_flash_ramfunc.o ./system/src/stm32f4xx/stm32f4xx_hal_gpio.o ./system/src/stm32f4xx/stm32f4xx_hal_pwr.o ./system/src/stm32f4xx/stm32f4xx_hal_pwr_ex.o ./system/src/stm32f4xx/stm32f4xx_hal_rcc.o ./system/src/stm32f4xx/stm32f4xx_hal_rcc_ex.o ./system/src/stm32f4xx/stm32f4xx_hal_tim.o ./system/src/stm32f4xx/stm32f4xx_hal_tim_ex.o  ./system/src/newlib/_cxx.o ./system/src/newlib/_exit.o ./system/src/newlib/_sbrk.o ./system/src/newlib/_startup.o ./system/src/newlib/_syscalls.o ./system/src/newlib/assert.o  ./system/src/diag/Trace.o ./system/src/diag/trace_impl.o  ./system/src/cortexm/_initialize_hardware.o ./system/src/cortexm/_reset_hardware.o ./system/src/cortexm/exception_handlers.o  ./system/src/cmsis/startup_stm32f446xx.o ./system/src/cmsis/system_stm32f4xx.o  ./src/Timer.o ./src/_write.o ./src/main.o   
Finished building target: blinky-STM32F4_NUCLEO.elf
 
Invoking: GNU ARM Cross Create Flash Image
arm-none-eabi-objcopy -O ihex "blinky-STM32F4_NUCLEO.elf"  "blinky-STM32F4_NUCLEO.hex"
Finished building: blinky-STM32F4_NUCLEO.hex
 
Invoking: GNU ARM Cross Print Size
arm-none-eabi-size --format=berkeley "blinky-STM32F4_NUCLEO.elf"
   text	   data	    bss	    dec	    hex	filename
   4651	    160	    416	   5227	   146b	blinky-STM32F4_NUCLEO.elf
Finished building: blinky-STM32F4_NUCLEO.siz
 

11:24:26 Build Finished (took 6s.86ms)

